2026-09-17 09:25 MiniC 0.59.0 发布准备与失焦重命名补齐
- 将桌面、收纳盒文件编辑器改为失焦提交，覆盖点击其他位置、切换窗口与标签；新增 InlineFileRenameSession 去重提交，保留 Enter 与 Escape，自动提交失败恢复原名且不抢回焦点。
- 文件改名请求串行排队，避免跨窗口编辑时丢请求；正常退出等待当前改名结束后保存布局。新增真实临时文件与两类离屏编辑器的 --rename-focus-smoke-test。
- 发布包含前述外部文件同步、回收站独立图标、标题栏/标签激活修复；版本同步为 0.59.0，更新中英文交互、发布说明和接手记录。
- Release 构建零警告零错误，49/49 测试通过；失焦、重命名策略、收纳盒自检通过。综合自检改为按可观察动画状态等待并报告失败子项，避免仅依赖固定时间点采样。
- 本次按用户要求构建自包含安装包并推送 GitHub，安装包及 SHA-256 将放入 v0.59.0 Release 附件；发布验证结果以 Release 页面为准，不自动安装到本机。
2026-09-17 09:04 MiniC 外部文件刷新、回收站状态与收纳盒激活修复
- 修复 Photoshop 等外部程序保存到桌面后不出现：Shell 通知和 FileSystemWatcher 始终并行，增加 FileSystemWatcher 错误回退与每秒轻量元数据快照；只在路径/修改时间/大小/属性变化时同步，刷新忙碌期间保留请求。
- 修复回收站清空后仍显示有内容：加入回收站 Shell 命名空间监听，每秒独立查询 SHQueryRecycleBinW 计数，RecycleBinIconService 串行更新空/满图标；通用图标异步加载排除回收站，失败重试并在退出时停止迟到结果。
- 修复收纳盒标题栏无法激活：标题栏空白、名称、按钮、标签在进入拖动/操作前统一调用 SetActivationEnabled(true)，保留普通前台窗口与非永久置顶行为。
- 外部改名在刷新锁内应用；同一批次同时存在已知改名和其他文件变化时仍会刷新，背景菜单不清空待处理改名。
- 联网核对 Microsoft FileSystemWatcher、SHChangeNotifyRegister、SHQueryRecycleBinW、WM_MOUSEACTIVATE 官方资料。Release 构建零警告零错误，45/45 独立测试通过，收纳盒/文件传输/启动专项自检通过。
- 新增 docs/BUGFIX-2026-09-17.md、DesktopDirectorySnapshot、RecycleBinIconService 及外部保存/回收站/失败重试/标题激活测试；更新中英文架构、交互、CHANGELOG、接手记录。截图 .local/validation/20260917/header-activation.png。
- 未使用 Photoshop 真实保存、未清空用户回收站、未安装或更新当前运行实例，未重建安装包或推送 GitHub。
2026-09-17 08:52 MiniC 外部保存刷新、回收站状态与标题栏激活修复
- DesktopFileService 始终并行开启 FileSystemWatcher 与 Shell 通知，覆盖文件名、目录名、写入、大小和属性；回收站命名空间采用规范 PIDL 注册，监听异常触发重同步并记录日志。
- 新增 DesktopDirectorySnapshot，在后台按秒检查元数据差异，仅发生变化时同步；刷新忙碌期间保留请求，已完成快照才提交基线，外部改名在锁内处理，菜单不清空待处理改名。
- 新增 RecycleBinIconService，独立串行查询真实计数并更新空/满图标；通用图标加载排除回收站，失败保留状态并重试，退出时停止迟到更新。
- 标题栏空白、名称、按钮及标签与内部内容一样激活到前台，按下坐标先于激活保存，保持拖动、双击改名和普通非永久置顶策略。
- 官方文档核对 FileSystemWatcher、SHChangeNotifyRegister、SHQueryRecycleBinW 和 WM_MOUSEACTIVATE；Release 构建零警告零错误，45/45 测试通过，收纳盒/重命名/启动三项自检通过。
- 新增直接文件保存与原子改名监听、快照差异、回收站状态/失败重试/关闭等测试；标题栏和标签通过 WPF 路由事件验证失活→激活及手势清理，检查截图 .local/validation/20260917/header-activation.png。
- 更新中英文架构/交互、CHANGELOG、接手记录，新增 docs/BUGFIX-2026-09-17.md。未使用 Photoshop 进行真实保存、未清空用户回收站、未打包/安装/推送，当前 0.58.9 安装包不含本次修复。
2026-09-13 14:54 MiniC 公开仓库与搜索定位优化
- 按用户要求将仓库定位改为公开展示，保留原许可证状态；README 明确公开可见与开源授权的区别，不自行选择许可证。
- 中英文 README 标题、首段和使用场景加入 Windows 桌面整理、图标分组、桌面收纳盒、desktop organizer、desktop icons 等准确用途描述。
- 仓库简介使用中英文说明，Topics 覆盖桌面整理、Windows 10/11、图标管理、生产力及 WPF/C#/.NET；通过 GitHub API 更新后核对远端可见性和标签。
- 本次仅修改文档与仓库元数据，未修改业务代码、版本或安装包；公开页面可访问不等同于搜索引擎已经收录。
2026-09-13 14:03 MiniC GitHub 私有源码仓库建立
- GitHub 授权账号 a248539568-dot，创建私有仓库 https://github.com/a248539568-dot/MiniC，配置 origin 与 main 分支；仅设置本仓库提交身份，使用 GitHub noreply 邮箱。
- 首次源码提交包含整理后的 94 个文件、开发文档、41 项测试及 Windows 自动构建配置；SDK、运行数据、安装包和归档均在忽略规则之外部保留。
- 当前工作副本和暂存区导出的干净副本均零警告零错误构建、41/41 测试通过；提交前空白及敏感模式检查通过。远端提交与 Actions 状态通过推送后核对。
2026-09-13 13:58 MiniC 项目清理与 GitHub 提交准备
- 将 .research、失效 src/MiniC.Watchdog 构建目录和 runtime-test.pid 移入 .local/archives/cleanup-20260913-135321；保留研究历史与现有安装包，使用 dotnet clean 清理解决方案构建残留。
- 初始化 main 分支；完善 .gitignore，排除 SDK、包缓存、本地归档、安装产物、PID、用户布局、运行日志和凭据文件，仅保留 development.log 开发历史。
- 新增 Windows GitHub Actions 构建/测试工作流，按官方文档使用 checkout v7、setup-dotnet v6 与 .NET 10；整理接手记录，修正首次克隆构建说明，更新 Issue 示例版本并统一文本行尾。
- 待提交 94 个文件，约 1.15 MiB；git diff --cached --check 通过。敏感模式检查仅匹配 Inno Setup 翻译中的密码提示字段，未发现凭据值或本机用户路径。
- 当前目录及仅从暂存区导出的干净源码副本均完成 Release 构建，零警告零错误，41/41 测试通过；远端 Actions 尚未运行。
- GitHub 凭据管理器和网页均未登录，账号授权前只准备本地暂存内容；尚未创建远端仓库或推送。默认计划在授权账号下创建私有 MiniC 仓库，不更改项目许可证。
2026-09-13 13:35 MiniC v0.58.9 安装包构建
- 同步主程序、安装脚本、中英文 README 和版本记录为 0.58.9，包含移除预览提亮底板、保留原材质透明度及仅边框高亮修改。
- Release 构建零警告零错误，41/41 单元测试通过；win-x64 自包含发布版 9/9 隔离自检通过。
- 发布目录 dist/MiniC-v0.58.9-win-x64 共 474 个文件，包含 .NET/Windows Desktop 10.0.11 运行时和 THIRD_PARTY_NOTICES.md。
- Inno Setup 6 生成 dist/MiniC-Setup-v0.58.9.exe，大小 50.19 MiB，产品版本 0.58.9，签名状态 NotSigned。
- SHA-256：9E496F83165EC872599F2973FD2A6A4B0500C59BFA85CC4CD4099895879222FC；同目录生成并复核 .sha256 文件。保留旧安装包，未执行安装/升级或替换当前运行实例。
2026-09-13 13:31 MiniC 合并边框提示与原样式保留
- 去掉 GroupDragPreviewWindow 强制 alpha=235 的浅色底板；整盒直接使用原快照，单标签复用新命名的 GroupMaterial/GroupHeader 与内容，保留原主题、渐变和透明度。
- 接收提示改为透明背景、1.5 DIP 主题色边框；删除目标标题/内容和源标签盒的淡化，菜单入场不再淡化内容，融合保留遮罩而不额外淡化整卡。
- 联网核对 WPF BorderBrush 文档。Release 构建零警告零错误，41/41 单元测试通过，收纳盒自检通过；新增深色/薄荷色/浅色的原像素与预览颜色及 alpha 一致性用例，覆盖整盒与单标签两种预览。
- 使用真实模板渲染并检查 .research/border-highlight-20260913/style-check.png，备份位于同目录 src；同步中英文交互、版本记录与接手入口。未修改用户真实布局、替换运行实例或重建 0.58.8 安装包。
2026-09-13 13:23 MiniC v0.58.8 安装包构建
- 同步主程序、安装脚本、中英文 README 和版本记录为 0.58.8，包含逐帧跟手、稳定预览视口、重复动画和宿主重建卡顿修复。
- Release 构建零警告零错误，38/38 单元测试通过；win-x64 自包含发布版 9/9 隔离自检通过。
- 发布目录 dist/MiniC-v0.58.8-win-x64 共 474 个文件，包含 .NET/Windows Desktop 10.0.11 运行时和 THIRD_PARTY_NOTICES.md。
- Inno Setup 6 生成 dist/MiniC-Setup-v0.58.8.exe，大小 50.19 MiB，产品版本 0.58.8，签名状态 NotSigned。
- SHA-256：39DAD06B636A0D069EFD524CB307143112F179F109FE5B3A38EDF2376E398036；同目录生成并复核 .sha256 文件。保留旧安装包，未执行安装/升级或替换当前运行实例。
2026-09-13 13:20 MiniC 收纳盒动画冲突与流畅性修复
- 确认并移除每次 MouseMove 重启 100ms 位置动画与透明度动画的路径；改为逐帧合并最新鼠标位置，状态切换时才渐变，释放/关闭清理 Rendering 订阅。
- 预览窗口保留 128 DIP 缓冲并仅在越界时扩容；修复原盒与浮动卡片双轮廓；已到位拆出快速交接，取消预览完成后的重复内容滑入。
- 合并/拆分使用既有差量宿主同步，保留无关窗口和拓扑回滚；PanelMotionAnimator 在真实布局未变时保留动画，仅换位时重新衔接。
- Release 构建零警告零错误，38/38 单元测试通过；收纳盒组织、多选布局和启动自检通过。新增逐帧跟手/稳定视口/清理订阅与重复排版保持动画回归。
- 旧 0.58.7 发布版与修复构建执行相同 90 点序列：平均渲染间隔 28.61→16.82ms，窗口尺寸变化 144→7，已到位收尾 300.07→17.05ms；此为本机隔离 WPF 采样，不代表所有真实桌面性能。
- 原始采样、渲染截图、验证程序与源码备份保存在 .research/motion-smoothness-20260913；新增 docs/MOTION-FIX-2026-09-13.md，同步中英文交互文档、版本记录与接手入口。
- 未替换运行实例、修改用户真实文件/布局或构建安装包；现有 0.58.7 不含本次修复，真实交互与混合 DPI 多屏待安装后验收。
2026-09-13 12:54 MiniC v0.58.7 安装包构建
- 同步主程序、安装脚本、中英文 README 和版本记录为 0.58.7，包含标签左右排序、上下转移及标签栏限定合并命中更新。
- Release 构建零警告零错误，36/36 单元测试通过；win-x64 自包含发布版 9/9 隔离自检通过。
- 发布目录 dist/MiniC-v0.58.7-win-x64 共 474 个文件，包含 .NET/Windows Desktop 10.0.11 运行时和 THIRD_PARTY_NOTICES.md。
- Inno Setup 6 生成 dist/MiniC-Setup-v0.58.7.exe，大小 50.17 MiB，产品版本 0.58.7，签名状态 NotSigned。
- SHA-256：53824C82EC84DC2E71E2905725136299F1E932EC9CC6D5412076E714E348EC2E；同目录生成并复核 .sha256 文件。保留旧安装包，未执行安装/升级或替换当前运行实例。
2026-09-13 12:48 MiniC 标签拖动方向与合并命中调整
- 新增 TabDragPolicy：10 DIP 启动阈值、主方向判定与手势方向锁定；横向仅排序，纵向仅转移，移回源标签栏取消转移且不改变顺序。移除整盒边界决定标签拖动意图的旧路径。
- 目标命中改为实际 TabsHost 屏幕矩形；独立盒使用 GroupTitleArea，不接受文件区、空白区和菜单按钮；整盒拖动同步使用相同命中，高亮缩到真实接收区。
- 鼠标释放时重新核对目标并同步预览目的地，避免沿用之前悬停目标；保留既有抽离/融合动画和文件归属及拓扑事务。
- 联网核对 Microsoft WPF Mouse.Capture 与 PointToScreen 文档。Release 构建零警告零错误，36/36 单元测试通过；收纳盒自检覆盖标签栏和独立标题的真实坐标命中与内容/菜单排除。
- 已渲染并检查接收区域截图 .research/tab-direction-20260913/hit-regions.png；备份位于同目录 src。未替换运行实例或更新 0.58.6 安装包，本次修改记入 Unreleased；真实鼠标及混合 DPI 多屏仍需现场验收。

2026-09-13 12:33 MiniC v0.58.6 安装包构建
- 同步主程序、安装脚本、中英文 README 和版本记录为 0.58.6，包含收纳盒抽离与融合动效更新。
- Release 构建零警告零错误，29/29 独立测试通过；win-x64 自包含发布版 9/9 隔离自检通过。
- 发布目录 dist/MiniC-v0.58.6-win-x64 共 474 个文件，包含 .NET/Windows Desktop 10.0.11 运行时和 THIRD_PARTY_NOTICES.md。
- Inno Setup 6 生成 dist/MiniC-Setup-v0.58.6.exe，大小 50.17 MiB，安装包产品版本 0.58.6，签名状态 NotSigned。
- SHA-256：BF34199117CDCE1BD5E15D6B69AACF22246C3D196418B6304830E7BF45B4A499；同目录生成并复核 .sha256 文件。保留旧安装包，未执行安装、升级或替换当前运行实例。
2026-09-13 12:28 MiniC 收纳盒抽离与融合动效
- 删除收纳盒合并/拆分的整窗尺寸动画与 GroupScale；新增 GroupTransitionSurface、GroupDragPreviewWindow，用等尺寸快照位移、短距离柔性连接和定向遮罩表现抽离、连接、融合，目标内容与标签轻移入场。
- 标签预览只携带自身标题和内容；原盒淡化保留来源，移回或 Escape 平滑归位；关闭/失活释放预览，动画完成任务与手势版本防止取消后仍提交合并。遵循系统动画开关。
- 新增 GroupDetachPlacement，预览和实际拆出共享 DIP 落点；标题拖动换算系统缩放，菜单拆出统一传入物理屏幕坐标；保持原有标签拓扑校验、回滚和文件归属规则。
- 核对 Microsoft connected animation、RenderTargetBitmap 和 WPF 动画官方资料。Release 构建零警告零错误，29/29 独立测试通过（新增 9 项参数用例），收纳盒组织与启动自检通过。
- 使用真实 WPF 收纳盒模板与示例数据完成逐帧渲染及截图检查，修正预览底部裁剪与叠字；GIF/截图位于 .research/group-motion-20260913/visual-preview/frames。此为隔离动效预览，尚未完成真实鼠标交互及混合 DPI 多屏现场验收。
- 更新 CHANGELOG、中英文交互文档和接手入口；改动前源码备份位于 .research/group-motion-20260913/src。未操作真实用户文件或布局，未替换运行中的安装版，未生成安装包。

2026-09-13 MiniC v0.58.5 项目接手复核
- 核对架构、初始化与布局保存、文件路径边界、回归测试、安装文件版本及运行实例；更新 docs/HANDOVER.md 当前维护基线。
- 项目内 SDK 10.0.400 执行 Release 构建：零警告零错误；独立测试 20/20 通过。
- 确认布局读取失败覆盖现场风险、跨盘目录包含判断问题仍存在；当前目录无 Git 历史。联网核对 Microsoft 构建与路径 API 官方资料。
- 未修改业务源码、用户布局或运行实例；本次未执行桌面集成自检、截图及安装验收。

2026-09-10 MiniC v0.58.5 安装包构建
- 将本次双击、重命名闪屏与图标任务栏越界修复版本同步为 0.58.5，更新项目、安装脚本、README 和版本记录。
- Release 构建零警告零错误，20/20 独立测试通过；win-x64 自包含发布版 9/9 隔离自检通过。
- 自包含发布目录 dist/MiniC-v0.58.5-win-x64 共 474 个文件，包含 .NET/Windows Desktop 10.0.11 运行时和 THIRD_PARTY_NOTICES.md。
- Inno Setup 6 构建 dist/MiniC-Setup-v0.58.5.exe，大小 50.18 MiB，版本 0.58.5.0            ，签名状态 NotSigned。
- SHA-256：722F5E39B0FFAAC8A8885F4F0D38A5DBB335772236B11D13AAC0986DAD136F07；同目录生成 .sha256 校验文件。保留旧安装包，未安装或替换当前运行实例；未进行本次安装/升级/卸载人工验收。
2026-09-10 MiniC v0.58.4 双击、重命名闪屏与任务栏边界修复
- 双击改为两次按下时间/距离判定、有效松开打开，绑定按下来源并在激活窗口前初始化手势；删除旧的松开抑制字段与判断路径，桌面和收纳盒同步修改。
- 删除重命名时桌面层透明度归零路径，保护编辑焦点和激活状态；改名与刷新互斥，延后保留变化通知；新增 DesktopItemRefreshService 保留图标对象、选择和编辑状态，避免文件刷新重建容器。
- 图标排列与投放采用逐显示器 WorkingArea、系统 DPI 网格，修复没有新增文件时的越界坐标并保存；监听工作区变化，限制底行展开名称的可见高度。
- 联网核对 Microsoft 双击消息、WPF 预览事件、WorkingArea、GetDpiForSystem 和 ClipToBounds 官方说明。
- Release 构建零警告零错误，20/20 独立测试、9/9 隔离自检通过；重命名增加离屏实际窗口激活验证。真实多屏混合 DPI 与人工完整交互仍需现场复核。
- 同步 CHANGELOG、中英文交互文档与接手入口，新增 docs/BUGFIX-2026-09-10.md。未替换运行中的安装版、未操作用户真实文件或布局、未生成安装包。

2026-09-10 MiniC v0.58.4 项目接手与验证基线
- 梳理启动/退出、真实文件与视觉归属、标签拓扑、Shell 菜单、剪贴板、窗口层级、布局迁移和发布流程；新增 docs/HANDOVER.md 作为持续维护入口。
- 修正中英文 README/开发指南的首次依赖恢复步骤，明确测试项目的 NuGet 依赖，补充 win-x64 发布前恢复命令；未修改业务代码、版本或安装包。
- 当前源码 Release 构建零警告零错误，5/5 独立测试及 9/9 隔离自检通过；独立源码副本与空依赖缓存恢复、构建、5/5 测试亦通过。
- 记录布局损坏后默认保存覆盖现场风险、跨盘目录包含判断问题、Git 历史缺失及待人工验收范围；未操作真实用户布局或停止正在运行的主程序/守护。
- 核实当前安装包 SHA-256 为 FB2E206BB8BFAA6902FB37FAB98397208259907AB3BC0A84A5A08051E5591E8A，与历史最终记录一致，签名状态 NotSigned。

2026-09-03 Shell 通知闪退修复最终包
- Windows 事件日志确认闪退根因：P/Invoke 使用了不存在的 `SHChangeNotificationLock` / `SHChangeNotificationUnlock` 导出名，正确入口为带下划线的 `SHChangeNotification_Lock` / `SHChangeNotification_Unlock`。
- 修正两个 EntryPoint，并在 Shell 通知锁定、解锁和回调窗口过程中增加异常隔离，通知异常不会再传播为未处理 WPF 窗口异常。
- 实际启动当前自包含发布版保持运行通过；重新生成安装包 `dist/MiniC-Setup-v0.58.3.exe`，大小 50.18 MB，SHA-256：56D7813AEC039513ABF1901E81B938CCC92812760739F5BB3AC0A37841F3405D。
2026-09-03 刷新机制原生 Shell 对齐最终安装包
- 重新生成 `dist/MiniC-Setup-v0.58.3.exe`，大小 50.17 MB。
- 安装包 SHA-256：47C0D630B5CC66F8D95EFEECCB771A48E1C400E396BE70D9FF26CFA0D2EDAB35；当前未进行数字签名。
2026-09-03 刷新机制原生 Shell 对齐
- 外部桌面目录监听新增 `SHChangeNotifyRegister`，按用户桌面和公共桌面注册 Shell 变化通知，使用 280ms 防抖后触发一次模型刷新；注册失败才回退 FileSystemWatcher。
- 周期协调 `ReconcileAsync` 移除每秒 `RefreshAsync` 全量扫描，仅保留窗口层级和 Explorer 图标层安全检查；重命名编辑期间仍延迟外部刷新。
- 手动“刷新桌面”继续提供显式全量同步，内部重命名使用增量模型更新，刷新与 Z 序维护解耦。
- Release 编译零警告零错误，九项非破坏性专项自检全部通过。
2026-09-03 桌面快捷键焦点修复最终安装包
- 重新生成 `dist/MiniC-Setup-v0.58.3.exe`，大小 50.17 MB。
- 安装包 SHA-256：5088D457E0CAF8EB7CA842D74061E1488EA1AC608706C7F54A2E3D591B514311；当前未进行数字签名。
2026-09-03 桌面快捷键焦点修复
- 根因是桌面与收纳盒窗口默认禁止激活，图标区域没有声明为可聚焦元素，Window PreviewKeyDown 无法收到 Ctrl+C、Ctrl+X 等键盘事件。
- 桌面和收纳盒图标区域设为 Focusable，用户点击图标或空白区域激活后显式调用 Keyboard.Focus；重命名输入框仍优先接收文本快捷键。
- Release 编译零警告零错误，九项非破坏性专项自检全部通过。
2026-09-03 原生桌面快捷键对齐最终安装包
- 重新生成 `dist/MiniC-Setup-v0.58.3.exe`，大小 50.18 MB。
- 安装包 SHA-256：D65F5C35010D97C145EEF273CFC93BCFFDFD9BFC7C9435944C27204E7C6D7018；当前未进行数字签名。
2026-09-03 原生桌面快捷键对齐
- 桌面与收纳盒补齐 Ctrl+V、Ctrl+A、Delete、Enter，复制、剪切、粘贴、删除和打开均继续调用 Windows Shell 原生接口。
- 重命名输入框和标题编辑器优先保留文本快捷键，不被窗口级文件快捷键截获。
- 桌面层级继续采用正确时不写 Z 序、无锚点回退 Explorer 宿主的安全策略；Release 编译和九项专项自检通过。
2026-09-03 桌面新建流程最终安装包
- 重新生成自包含发布目录和安装包 `dist/MiniC-Setup-v0.58.3.exe`，大小 50.17 MB。
- 安装包 SHA-256：BF92E402FFBBCC483A9D68C173B314574EF3755FB82228F97E375E3FA1165E2A；当前未进行数字签名。
2026-09-03 桌面新建项目名称确认
- 桌面空白菜单识别 Shell 的 New canonical verb，等待创建后的桌面项目集合稳定后，计算新增路径并刷新数据模型。
- 创建完成后自动选中新项目并进入原位重命名输入框，支持与 Windows 类似的名称确认、Enter 提交和 Escape 取消。
- Release 编译零警告零错误，九项非破坏性专项自检全部通过。
2026-09-03 桌面层级无效写入修复
- 刷新、重命名和周期协调调用桌面层级定位时，先验证 MiniC 窗口是否已经正确位于 Explorer 桌面上方；正确时不再调用 SetWindowPos，避免无意义的 Z 序改写和合成闪烁。
- 保留层级异常时的纠正路径，并继续使用 Explorer 桌面宿主作为无锚点回退，禁止 HwndTop 将 MiniC 推到所有应用之上。
- Release 编译零警告零错误，全部九项非破坏性专项自检通过；重新生成安装包 dist/MiniC-Setup-v0.58.3.exe，大小 50.17 MB，SHA-256：DFD1E8FD8D33B915060BB0788CE474DBB5A65DC105588D107D6568217A2F96D7。
2026-09-03 严重层级修复最终安装包
- 重新生成自包含发布目录和 Inno Setup 安装包 dist/MiniC-Setup-v0.58.3.exe，大小 50.17 MB。
- 安装包 SHA-256：C89187F35C4EB4BC80F4628A6DC16FCD798F76C1955E143AE1965C4115DD60ED；当前未进行数字签名。
2026-09-03 刷新/重命名导致桌面层顶置的严重层级修复
- 根因：Explorer 桌面视图刷新或重建期间，GetWindow(desktopHost, GW_HWNDPREV) 可能暂时返回空句柄；旧代码将空锚点兜底为 HwndTop，会把 MiniC 桌面图标层或收纳盒直接放到所有应用之上，下一次周期检查才恢复。
- 修复：所有桌面层级定位路径在无外部锚点时统一使用 Explorer 桌面宿主本身作为 SetWindowPos 锚点，保证 MiniC 只能位于 Explorer 桌面上方、普通应用下方，禁止跳到全局顶层。
- 新增无锚点层级回退单元自检；Release 编译零警告零错误，九项专项检查复测通过（桌面交互层测试单独复测通过）。
2026-09-03 一级系统粘贴菜单启用修复
- 明确修复目标为 MiniC 桌面空白右键后的一级系统“粘贴”，不是 MiniC 子菜单项。
- Shell 背景菜单生成后按 canonical verb 定位原生 paste 命令；存在文件剪贴板时通过 EnableMenuItem 解除系统置灰。
- 点击一级“粘贴”后转交 Explorer 桌面 IDropTarget，MiniC 子菜单不再保留重复粘贴入口。
- Release 编译零警告零错误，启动、文件传输和桌面交互层检查通过；安装包 dist/MiniC-Setup-v0.58.3.exe 大小 50.17 MB，SHA-256：FFD51519FBDF647D2E759D2AA7BFFB72BA6D33F751AE824BEE9FE3B58334C3D2。
2026-09-03 粘贴改用原生 Shell IDropTarget
- 根据 Windows Shell 剪贴板和拖放接口资料，移除 MiniC 菜单粘贴对自定义 paste verb 上下文的依赖。
- MiniC 粘贴现在通过 OleGetClipboard 取得原生 IDataObject，向 Explorer 桌面视图的 IDropTarget 调用 DragEnter 和 Drop，由 Shell 自己处理 CF_HDROP、PIDL、虚拟文件及 Preferred DropEffect。
- 菜单启用检测仍读取原生剪贴板格式，但执行动作不再依赖脱离 Explorer 宿主的背景 IContextMenu paste 命令。
- Release 编译零警告零错误，启动、文件传输、重命名和桌面交互回归检查通过。
2026-09-03 MiniC 粘贴误禁用修复
- 根因是右键菜单启用判断依赖 WPF 剪贴板自动转换，复制文件后可能无法识别原生 Shell 文件格式，导致 MiniC 子菜单“粘贴”误显示为禁用。
- 改为直接查询 Win32 CF_HDROP、Shell IDList Array、FileGroupDescriptorW 和 FileGroupDescriptor 注册格式；复制或剪切文件进入系统剪贴板后可正确启用粘贴。
- 保留原生 paste verb 执行路径，启动、文件传输、重命名和桌面交互回归检查通过。
- 重新生成 dist/MiniC-Setup-v0.58.3.exe，大小 50.17 MB，SHA-256：FD493E7CB247771ABADE7EDD8836317B9BA96562953139CEF67BBD1A38F94542。
2026-09-03 快捷方式重命名输入框与编辑刷新稳定性
- 快捷方式重命名输入框始终隐藏真实 .lnk 后缀，提交时保留 .lnk，与 Explorer 桌面快捷方式重命名行为一致。
- 重命名编辑期间暂停桌面文件集合重建与周期刷新；MiniC 自己的 Renamed 事件仍先被消费，外部变化延迟到编辑结束后的下一次协调刷新，避免输入框被刷新卸载或取消。
- Release 编译零警告零错误，九项非破坏性专项自检全部通过；重新生成安装包 dist/MiniC-Setup-v0.58.3.exe，大小 50.18 MB，SHA-256：1A3C8FB36CD100A01100C7B89AF436501AAC2E6C0B64953B57DCC8DE89CA95AE。
2026-09-03 重命名监听边界修正与最终安装包
- 保留外部 Created、Deleted、Changed 事件的刷新能力，仅消费 MiniC 自己产生的 Renamed 事件；重命名抑制窗口不会吞掉外部新增文件通知。
- 最终 Release 编译零警告零错误，关键回归测试通过；重新生成安装包 dist/MiniC-Setup-v0.58.3.exe，大小 50.16 MB，SHA-256：9CCA8296EA9E1B3AB23BE73BB46DECF8BF62310636A5DDABD7D566304BC2F8BE。
2026-09-03 重命名监听抑制、快捷键与粘贴修复
- MiniC 重命名成功后登记预期改名并更新当前项目模型；短窗口内消费对应监听事件，避免首次改名仍触发完整刷新。
- NativeDesktopService 在 Explorer 隐藏已知扩展名时对真实文件名强制去除扩展名，快捷方式不再在重命名输入框中显示 .lnk。
- 恢复 MiniC 子菜单的“粘贴”，按 Shell 剪贴板格式动态启用并调用原生 paste verb；启动菜单自检同步更新。
- Release 编译零警告零错误，九项非破坏性专项自检全部通过；安装包 dist/MiniC-Setup-v0.58.3.exe 大小 50.17 MB，SHA-256：5E5027C3F18BB782449736364F75C463ECFFA33B44D72B6B16F15BFA0B9AF136。
2026-09-03 重命名刷新优化与桌面快捷键
- MiniC 自己执行重命名后直接更新当前 DesktopItem 的路径、显示名称、归属顺序和坐标，不再立即执行完整 RefreshAsync。
- 文件系统监听保留 280ms 防抖，并通过预期重命名映射消费 MiniC 自己产生的 Renamed 事件，避免同一次操作二次刷新。
- 桌面与收纳盒新增 Ctrl+C / Ctrl+X，调用 Windows Shell 原生 copy/cut verb；重命名输入框仍保留文本复制剪切行为。
- .lnk 显示继续读取 Shell/Explorer 的扩展名策略，隐藏已知扩展名时不显示 .lnk，开启扩展名显示时与原生桌面一致。
- Release 编译零警告零错误，九项非破坏性专项自检全部通过；重新生成 dist/MiniC-Setup-v0.58.3.exe，大小 50.17 MB，SHA-256：27FC232F4EDAEC16C601F0114F7DBC270EFE23396799FB39FF926E2B2C45E95D。
2026-09-03 MiniC 桌面应用菜单位置调整
- MiniC 桌面背景菜单移动到系统应用扩展命令区域，按系统菜单中的新建分组定位，不再占用顶部独立位置。
- 菜单项使用 MiniC 程序图标，子菜单仅保留新建收纳盒与显示或隐藏收纳盒，移除 MiniC 子菜单中的粘贴入口。
- Release 编译零警告零错误，源码与发布版九项非破坏性专项自检全部通过。
- 重新生成 dist/MiniC-Setup-v0.58.3.exe，大小 50.18 MB，SHA-256：86472E2220FA455C0D937CB7F8CC63B3519A8FDAFCC18E5474E2B40E4E1C0014；当前安装包未进行数字签名。
2026-09-03 MiniC 桌面应用菜单位置调整
- MiniC 桌面背景菜单移动到系统应用扩展命令区域，按系统菜单中的新建分组定位，不再占用顶部独立位置。
- 菜单项使用 MiniC 程序图标，子菜单仅保留新建收纳盒与显示或隐藏收纳盒，移除 MiniC 子菜单中的粘贴入口。
- 启动菜单自检更新为验证应用区域位置、图标位图和子菜单命令结构。
2026-09-03 Photoshop 保存时桌面层误置修复
- 根因是 Photoshop 保存对话框和 Explorer 桌面都含 `SHELLDLL_DefView`，旧逻辑枚举到前者后会误把保存窗口当成桌面宿主，将 MiniC 全屏图标层和收纳盒定位到 Photoshop 上方。
- 新增统一的 `ExplorerDesktopWindowService`：先通过 `GetShellWindow` 锁定 Shell 进程，再只接受该进程内的 `Progman` 或 `WorkerW` 桌面宿主；文件对话框即使包含 Shell 文件视图也会被排除。
- 原生桌面图标读取、隐藏和恢复同步改用同一识别服务，避免误操作 Photoshop 或其他软件的打开、保存文件列表。
- 桌面文件变化完成刷新后立即以非激活方式重验并恢复全部 MiniC 窗口层级，不再等待周期检查；Release 构建零警告零错误，九项非破坏性自检全部通过。
- 重新生成 `win-x64` 自包含发布目录（474 个文件、171.46 MB）及 `MiniC-Setup-v0.58.3.exe`（50.16 MB），发布版九项非破坏性自检全部通过。
- 安装包 SHA-256：3F905E0C27D10E01748919838F4820DCC653011360921082CF0FCC411FD56471；当前未进行数字签名。

2026-09-03 双击打开、重命名层级闪烁与桌面菜单修复
- 桌面和收纳盒的双击识别改为独立记录同一项目的鼠标抬起时间与屏幕距离，不再依赖桌面窗口激活时可能重置的 WPF `ClickCount`；拖动会立即清空双击候选。
- 桌面文件进入重命名且必须激活全屏图标层时，先隐藏一帧合成内容，完成激活和桌面层回位后再恢复显示，避免所有桌面图标短暂盖到普通程序上。
- 桌面空白右键菜单改由 Shell 桌面视图的 `IShellView.GetItemObject(SVGIO_BACKGROUND)` 提供，完整保留当前 Windows 的视图、排序、刷新、新建、显示设置、个性化及扩展命令；MiniC 子菜单继续作为附加入口。
- Release 构建零警告零错误，启动自检新增跨窗口激活双击识别，并要求桌面视图背景菜单能力可用。
- 重新生成 `win-x64` 自包含发布目录（474 个文件、171.46 MB）及 `MiniC-Setup-v0.58.3.exe`（50.17 MB）；发布版九项非破坏性自检通过，桌面交互层首次受正在运行实例干扰后复测通过。
- 安装包 SHA-256：BBA08F309848A39173CFE704032B25CD4DEE2C89327D83C2EB9CD81B7D7AFCF8；当前未进行数字签名。

2026-09-02 复制与剪切图标状态及安装包
- 桌面与收纳盒接入 Windows 剪贴板变更通知，读取 Shell 的 `Preferred DropEffect`，区分真实文件复制与剪切状态。
- 复制项目显示蓝色双页标识与轻量底色；剪切项目按系统习惯降低透明度并显示剪刀标识，剪贴板被替换后自动清除。
- Shell 右键菜单通过标准 canonical verb 回传复制或剪切结果，操作结束即可反馈，不依赖文件系统刷新；启动自检新增剪贴板效果解析与状态切换验证。
- 使用当前源码生成 `win-x64` 自包含发布目录，共 474 个文件、171.46 MB；Release 构建零警告零错误，源码与发布版九项非破坏性专项自检全部通过。
- Inno Setup 6.7.3 生成 `dist/MiniC-Setup-v0.58.3.exe`，大小 50.16 MB，SHA-256：5195A5B91744E74F83274B0DE1EB289EE118F2E1A05BCFCC8EFFA2AEF1E63A69；当前安装包未进行数字签名。

2026-09-02 桌面粘贴与收纳盒点击修复
- 桌面背景的 MiniC 子菜单新增“粘贴”，按 Shell 文件、PIDL 和虚拟文件剪贴板格式动态启用，执行时交给原生 paste verb，保留剪切、复制、粘贴回执和同名处理语义。
- 修复收纳盒层级检查只验证“高于 Explorer”、未验证“高于 MiniC 全屏桌面层”的问题；收纳盒每次定位都移到 MiniC 层内最上方。
- 扩展桌面交互自检，同时验证普通应用、收纳盒、MiniC 桌面图标层和 Explorer 桌面的相对 Z 序。

2026-09-02 02:47 MiniC v0.58.3 修复版安装包重新编译
- 使用当前修复源码重新生成 `win-x64` 自包含发布目录，共 474 个文件、171.45 MB，程序集版本为 0.58.3。
- 发布版九项非破坏性专项自检退出码均为 0，覆盖双击、拖动、图标避让、收纳盒组织、桌面交互层和启动策略。
- Inno Setup 6.7.3 生成 `dist/MiniC-Setup-v0.58.3.exe`，大小 50.17 MB；包含第三方声明且发布目录没有旧品牌文件名。
- SHA-256：BB3117E05015B5273CD8CCF8FAF8327CE7D5852C1FFB629DB98E0740CA226F9F；当前安装包未进行数字签名。

2026-09-02 桌面交互、窗口层级与图标避让修复
- 桌面和收纳盒项目改为在第二次鼠标抬起后统一调用 Windows Shell 打开，避免激活和 Z 序调整打断双击；超过系统拖动阈值后禁止触发打开。
- 桌面层与收纳盒在 WPF 激活完成后立即并延迟二次恢复到普通应用下方，避免全屏透明桌面层拦截其他程序鼠标。
- 图标落位改为按 82×88 实际视觉矩形检测冲突，同时修复已有重叠坐标，新下载或保存项目不再与偏移旧坐标重叠。
- 扩展启动与桌面交互自检，覆盖双击策略、偏移坐标、已有重叠修复和激活后层级恢复。

2026-09-02 02:19 MiniC v0.58.3 版本准备
- 项目、中英文 README 和安装脚本版本同步为 0.58.3，发布目录更新为 `MiniC-v0.58.3-win-x64`。
- 生成 `win-x64` 自包含发布目录，共 474 个文件；源码七项核心自检及发布版重命名、收纳盒组织和启动自检退出码均为 0。
- Inno Setup 6.7.3 生成 `dist/MiniC-Setup-v0.58.3.exe`，大小 50.16 MB；包含第三方声明且发布目录没有旧品牌文件名。
- SHA-256：55F1E4ACEFE5B93BA2FCBCE46C7FADC2C49D1BA2EA99EA317839CC135FDB4D93；当前安装包未进行数字签名。

2026-09-02 02:16 文件名原位重命名视觉修复
- 桌面与收纳盒改为明确的图标行和文件名行；进入重命名时只在原名称位置切换编辑器，不再覆盖图标或随长名称横向撑开。
- 新增统一的轻量原位编辑样式，使用 72 像素名称槽位、细边框、轻透明背景和 2 像素圆角；收纳盒列表模式保留受限的横向编辑区域。
- 保留扩展名显示策略、默认选区、Enter 提交以及 Escape 或失焦取消行为；官方 WPF 焦点资料确认继续使用 `Focus` 后设置文本选区。
- 新增桌面与收纳盒真实布局自检，验证编辑器位于图标下方、名称文本正确隐藏且长名称不能撑开；Release 构建零警告零错误，七项核心自检退出码均为 0。

2026-09-02 01:42 MiniC v0.58.2 安装包重新编译
- 使用当前源码重新生成 `win-x64` 自包含发布目录和 Inno Setup 安装包，包含收纳盒图标顶部对齐修复。
- 发布目录共 474 个文件；重命名、文件传输、收纳盒组织、框选和启动专项自检退出码均为 0。
- 安装包 `dist/MiniC-Setup-v0.58.2.exe` 大小 50.16 MB，SHA-256：E4BC6DADFCFA171650E59B7F34ADE5F4418D76E7573E10CFF58A40B9B5C175D3。
- 发布目录包含第三方声明且没有旧品牌文件名；安装包尚未进行数字签名。

2026-09-02 收纳盒图标垂直对齐修复
- 根因是图标与名称组成的整体在固定高度项目内垂直居中，两行名称会把图标起点向上推移。
- 图标视图改为固定顶部对齐，名称继续在图标下方显示；列表视图仍保持整体垂直居中。
- 桌面图标模板原本已从顶部布局，无需增加第二套修正逻辑；收纳盒专项自检增加单行与两行名称的真实渲染坐标校验。

2026-09-02 MiniC v0.58.2 版本准备
- 项目、中英文 README 和安装脚本版本同步为 0.58.2，发布目录更新为 `MiniC-v0.58.2-win-x64`。
- 生成 `win-x64` 自包含发布目录，共 474 个文件；源码及发布版菜单、收纳盒业务和桌面交互专项自检退出码均为 0。
- Inno Setup 6.7.3 生成 `dist/MiniC-Setup-v0.58.2.exe`，大小 50.16 MB；包含第三方声明且发布目录不含旧品牌文件名。
- SHA-256：1DAE387C100602A6A780C22730C4DE4FF9C1DC492E5AAFA4E083CFB34C07F8ED；当前安装包未进行数字签名，项目许可证尚未声明。

2026-09-02 桌面菜单层级与标识调整
- 将“刷新桌面”移到桌面右键一级菜单，MiniC 子菜单只保留新建及显示或隐藏收纳盒。
- MiniC 子菜单使用程序图标生成原生菜单位图，并在菜单关闭后释放 GDI 句柄。
- 扩展启动自检，校验一级刷新命令、子菜单命令位置及应用图标位图创建。

2026-09-02 MiniC v0.58.1 版本准备
- 项目、中英文 README 和安装脚本版本同步为 0.58.1，发布目录更新为 `MiniC-v0.58.1-win-x64`。
- 生成 `win-x64` 自包含发布目录，共 474 个文件；源码及发布版菜单、收纳盒业务和桌面交互专项自检退出码均为 0。
- Inno Setup 6.7.3 生成 `dist/MiniC-Setup-v0.58.1.exe`，大小 50.16 MB；包含第三方声明且发布目录不含旧品牌文件名。
- SHA-256：CC206F63673CC61089D5668254786CBDAF8E1FD50BED014E60864A2D8F399CCD；当前安装包未进行数字签名，项目许可证尚未声明。

2026-09-02 桌面背景菜单扩展
- 在 Windows Shell 桌面背景菜单顶部增加 MiniC 子菜单，提供新建收纳盒、刷新桌面及显示或隐藏收纳盒入口。
- 自定义命令只返回操作意图，由 DesktopCoordinator 统一执行；系统菜单仍由 IContextMenu 构建和调用，不接管第三方扩展绘制。
- 启动自检扩展为同时验证 Shell 桌面菜单和 MiniC 子菜单能够成功创建。

2026-09-01 MiniC v0.58.0 版本准备
- 项目、中英文 README 和安装脚本版本同步为 0.58.0，发布目录更新为 `MiniC-v0.58.0-win-x64`。
- 生成 `win-x64` 自包含发布目录，共 474 个文件；完整源码自检及发布版文件传输、桌面交互和启动自检退出码均为 0。
- Inno Setup 6.7.3 生成 `dist/MiniC-Setup-v0.58.0.exe`，大小 50.16 MB，发布目录不包含旧品牌文件名。
- SHA-256：3730DA571B6FBF7661AE9146F116027B7BF433157667B352EF86AB85FE46CCE7；当前安装包未进行数字签名。

2026-09-01 桌面背景 Shell 菜单重构
- 根因确认：空白右键按坐标穿透时会命中与 MiniC 位置不一致的隐藏 Explorer 图标，导致新建失败或项目误建到隐藏文件夹内。
- 空白右键改为通过公开 `IShellFolder.CreateViewObject(IContextMenu)` 创建 Desktop 文件夹背景菜单，Shell 命令不再依赖隐藏图标命中。
- 删除鼠标事件模拟、Explorer 菜单窗口枚举、固定等待和原生标签编辑补偿，仅在菜单命令期间暂停刷新并在真实桌面状态稳定后差量同步。
- 启动自检新增 Shell 桌面背景菜单创建和菜单项查询验证。

2026-09-01 MiniC v0.57.9 版本准备
- 项目、中英文 README 和安装脚本版本同步为 0.57.9，发布目录更新为 `MiniC-v0.57.9-win-x64`。
- 生成 `win-x64` 自包含发布目录，共 474 个文件；完整源码自检及发布版文件传输、桌面交互和启动自检退出码均为 0。
- Inno Setup 6.7.3 生成 `dist/MiniC-Setup-v0.57.9.exe`，大小 50.17 MB，发布目录不包含旧品牌文件名。
- SHA-256：EEEEB4FBE1480C63AC7DC446B754C568D626F5ED7F0F295EA6BB64FBC5F605D4；当前安装包未进行数字签名。

2026-09-01 系统新建会话提交修复
- 识别并提交 Explorer `SysListView32` 在系统“新建”后遗留的标签编辑，避免下一次创建返回文件系统错误 16389。
- 记录桌面命令前后的真实路径；仅对确认由系统新建且已提交原生编辑的单个项目启动 MiniC 原位重命名。

2026-09-01 MiniC v0.57.8 版本准备
- 项目、中英文 README 和安装脚本版本同步为 0.57.8，发布目录更新为 `MiniC-v0.57.8-win-x64`。
- 生成 `win-x64` 自包含发布目录，共 474 个文件；发布版文件传输、桌面交互和启动自检退出码均为 0。
- Inno Setup 6.7.3 生成 `dist/MiniC-Setup-v0.57.8.exe`，大小 50.16 MB，发布目录不包含旧品牌文件名。
- SHA-256：9B748914C56445F05EBEA64F82A85BAF74628E5798838F3D77CF9757C10CE2C7；当前安装包未进行数字签名。

2026-09-01 系统重复新建文件修复
- Explorer 桌面右键命令执行期间暂停 MiniC 文件刷新和隐藏图标层重排，避免干扰 Shell 的同名避让流程。
- 菜单关闭后等待桌面文件事件稳定，再合并重命名并刷新一次；连续新建使用 Windows 原生 `(2)`、`(3)` 序号规则。

2026-09-01 MiniC v0.57.7 版本准备
- 项目、README 和安装脚本版本同步为 0.57.7，发布目录更新为 `MiniC-v0.57.7-win-x64`。
- 生成 `win-x64` 自包含发布目录，共 474 个文件；发布版启动和桌面交互自检退出码均为 0。
- Inno Setup 6.7.3 生成 `dist/MiniC-Setup-v0.57.7.exe`，大小 50.16 MB，发布目录不包含旧品牌文件名。
- SHA-256：1FF4552D1218DF2B3F38EE4A9495CFC6C75F85C7FB972B394A49ADF0858A60BA；当前安装包未进行数字签名。

2026-09-01 Windows 自动排列与系统新建交接
- 只读检测 Explorer 桌面的“自动排列图标”样式；开启时 MiniC 桌面未收纳项目按当前视觉顺序连续填充网格，关闭时保留自由位置。
- 自动排列仅作用于 `DesktopSurfaceWindow`，不移动、缩放或重排任何收纳盒窗口。
- 桌面空白右键交给 Explorer 后，等待系统菜单真正关闭和新建处理完成再恢复 MiniC 窗口命中，避免固定 300 毫秒提前抢回桌面。
- 扩展启动自检，覆盖 Explorer 自动排列样式识别和 MiniC 桌面网格压紧排列。

2026-09-01 MiniC v0.57.6 版本准备
- 项目、README 和安装脚本版本同步为 0.57.6，发布目录更新为 `MiniC-v0.57.6-win-x64`。
- 生成 `win-x64` 自包含发布目录，共 474 个文件；发布版启动和布局自检退出码均为 0。
- Inno Setup 6.7.3 生成 `dist/MiniC-Setup-v0.57.6.exe`，大小 50.15 MB，发布目录不包含旧品牌文件名。
- SHA-256：75EB28EE92DF3343A5CA8216EB5620B973F141CE9148FA74729F92CE92A511D5；当前安装包未进行数字签名。

2026-09-01 新增桌面文件稳定自动排序
- 首次启动仍继承 Explorer 中已有桌面项目的位置，避免升级后打乱现有布局。
- 运行期间新建、下载、截图或另存为到桌面的项目，不再采用隐藏 Explorer 的坐标，改为按写入时间、名称和路径稳定填入下一个空网格。
- 自动落位只写入视觉坐标，不复制、改名或重新创建真实文件，已有图标位置保持不变。
- 扩展启动自检，覆盖外部随机坐标被忽略、多个新项目确定性排序和空位避让。

2026-09-01 MiniC v0.57.5 版本准备
- 项目、README 和安装脚本版本同步为 0.57.5，发布目录更新为 `MiniC-v0.57.5-win-x64`。
- 生成 `win-x64` 自包含发布目录，共 474 个文件；发布版启动和文件传输自检退出码均为 0。
- Inno Setup 6.7.3 生成 `dist/MiniC-Setup-v0.57.5.exe`，大小 50.16 MB，发布目录不包含旧品牌文件名。
- SHA-256：42941AE38AEF8CBE9C65850D847835FAD0CADEA6F9D75768FA1CF8E2A7E7F8B1；当前安装包未进行数字签名。

2026-09-01 软件更新期间收纳归属保留
- 桌面项目短暂消失时保留原收纳盒归属 5 分钟，同路径项目重建后自动回到原收纳盒。
- 持续不存在的项目在宽限期结束后清理失效归属；MiniC 内部成功的删除和移动仍立即提交状态。
- 新增归属保留隔离自检，覆盖短暂消失后恢复与持续缺失后过期两种路径。

2026-09-01 MiniC v0.57.4 版本准备
- 项目、README 和安装脚本版本同步为 0.57.4，发布目录更新为 `MiniC-v0.57.4-win-x64`。
- 生成 `win-x64` 自包含发布目录，共 474 个文件，发布版启动和重命名自检退出码均为 0。
- Inno Setup 6.7.3 生成 `dist/MiniC-Setup-v0.57.4.exe`，大小 48.78 MB，发布目录不包含旧品牌文件名。
- SHA-256：CA37E6E6F7BD5B1F24FD5CA352B33F85B5E02A456A20AEBDF955385E47A54B65；当前安装包未进行数字签名。

2026-09-01 回收站图标状态修复
- 回收站数量首次读取及空/满变化时，直接按实际项目数刷新图标。
- 回收站图标改用 Windows 系统库的空/满图标，避免 Shell 虚拟项目缓存导致显示滞后。

2026-09-01 MiniC v0.57.3 安装包
- 生成 `win-x64` 自包含发布目录 `dist/MiniC-v0.57.3-win-x64`，共 474 个文件。
- 启动和重命名发布版专项自检退出码均为 0，发布目录不包含旧品牌文件名。
- Inno Setup 6.7.3 成功生成 `dist/MiniC-Setup-v0.57.3.exe`，大小 50.15 MB。
- SHA-256：73F6628F178F9EDF095391569B091D010B1CCC4421C668C660F879E599CDDED0；当前安装包未进行数字签名。

2026-09-01 MiniC 品牌与项目规范化
- 对外名称统一为 MiniC；解决方案、源码目录、项目文件、命名空间、安装脚本和发布目录同步改名。
- 新布局路径改为 `%LOCALAPPDATA%\MiniC\layout.json`，首次启动自动读取并保留旧 DeskNest 布局，同时复制到新目录。
- 旧互斥量、唤起事件、Storage 路径、快捷方式、进程名和启动项仅作为升级兼容入口保留。
- 新增英文 README，以及架构、开发、交互、数据、贡献和安全英文文档。
- 清理改名前的本地生成缓存并重新还原构建，当前 `bin/obj` 不再包含旧品牌文件名。

2026-09-01 文档精简
- 删除重复的文档导航、独立测试、发布和故障排查页面。
- 将构建、自检和发布流程合并到开发指南，将异常与布局恢复合并到数据安全文档。
- 更新 README、Agent 和贡献指南引用，保留架构、开发、交互、数据四份职责明确的专题文档。

2026-09-01 重命名输入交互修复
- 桌面和收纳盒图标处于重命名状态时不再进入图标拖动流程，输入框可正常拖选文字。
- 重命名默认选区改为文件名主体；扩展名可见时保留为未选中，文件夹名称仍全选。
- 扩展重命名策略专项自检，覆盖隐藏扩展名、显示扩展名和文件夹三种选区。

2026-09-01 文档与开源仓库整理
- 重写 GitHub 首页，补充产品定位、技术栈、快速构建、数据安全、文档索引和许可证状态。
- 新增开发、交互、数据安全、测试、发布、故障排查、贡献、安全及版本记录文档。
- 新增 Git 属性、Bug/功能 Issue 表单和 Pull Request 验证模板。
- 重构架构说明并为 Agent 增加项目不变量、代码入口和验证要求；补充常见生成物忽略规则。
- 本次仅修改文档和仓库元数据，未修改产品代码、版本号或安装包。

2026-09-01 v0.57.3
- 拖出和拖入改为同一套整体收纳盒窗口动画：拖出居中放大至 109%，拖入居中缩小至 91%，统一使用 220ms 缓出。
- 目标收纳盒只保留投放高亮，不再与拖动源同时缩放；拖动源不再变更透明度。
- 标签拖动使用顶层窗口边界动画，修复内容放大超出顶层窗口时被裁剪、无法呈现整盒放大的问题。
- 动画过程隔离收纳盒尺寸持久化，并新增真实窗口放大、缩小、复位及模型尺寸不变的专项自检。

2026-09-01 v0.57.2
- 修复合并后某个标签组宿主窗口漏建或被关闭，导致视觉上收纳盒数量减少、所属图标不可见的问题。
- 合并和拆出改为先更新并验证标签拓扑，再一次性重建收纳盒宿主，不再先分别关闭源和目标窗口。
- 新增合并事务完整性保护，强制校验收纳盒 ID 集合、文件归属计数和标签顺序；异常时自动回滚到操作前状态。
- 新增收纳盒宿主覆盖自愈，启动和周期同步时按布局补建缺失窗口。
- 已备份用户当前布局；现场核对 4 个收纳盒模型、3 个应有宿主、26 个真实文件归属均完整，修复版已恢复缺失的两标签宿主及其图标。

2026-09-01 v0.57.1
- 删除开机自启的固定 2.5 秒等待，改为检测 Explorer 桌面宿主并等待 DWM 完成一次合成，异常时最多等待 900 毫秒。
- 调整启动顺序，布局加载后立即显示桌面层、收纳盒和托盘，旧数据兼容迁移与文件刷新不再阻塞首帧。
- 多个收纳盒的文件元数据改为并行读取；已有完整图标坐标时跳过 Explorer 全量坐标读取，启动时不再重复提取回收站图标。
- 本机开机参数实测首个收纳盒由约 3.25 秒降至约 0.55 秒，完整桌面接管约 1.56 秒，期间保持 Explorer 图标层可见。

2026-09-01 v0.57.0
- 重做标签拖动状态机：鼠标在源收纳盒内只调整顺序，移出后保持捕获直到释放，不再中途提前拆出。
- 标签移出收纳盒时显示明显放大预览，进入另一收纳盒时切换为明显缩小和目标高亮，移回源盒可取消。
- 鼠标释放在空白处时才拆出当前标签；释放在另一收纳盒时只合并当前标签，并固定追加到目标标签末尾。
- 新增拆出与合并落定回弹动画，并增加拖动意图和末尾追加回归自检。

2026-09-01 v0.56.7
- 新增独立 Explorer 桌面回退守护进程，监视 MiniC 主进程的 PID 和启动时间。
- 主进程崩溃、被任务管理器强制结束或异常退出后，守护进程自动重试显示 Explorer 原生桌面图标层，成功后自行退出。
- 新实例已接管桌面时跳过回退，避免快速重启和版本更新过程中 Explorer 图标闪烁。
- 新增守护参数自检，并通过强制终止主进程的真实故障演练验证原生桌面恢复。

2026-09-01 v0.56.6
- 修复移动收纳盒时，鼠标位置没有其他可合并收纳盒却对空目标集合执行 `MinBy`，导致进程因未处理异常退出的问题。
- 合并命中查询现在先处理零候选目标，只有存在命中窗口时才计算最近中心。
- 新增空合并目标回归自检，覆盖单收纳盒和拖动经过桌面空白区域的情况。

2026-09-01 v0.56.5
- 完全删除收纳盒的常驻外边框和内描边，只保留圆角玻璃材质自身的透光边界。
- 标题栏除按钮和重命名输入框外均可按住拖动窗口，包含标题文字和数量区域。
- 保留标题双击原位重命名，并增加标题栏拖动手势规则自检。
- 删除已无界面消费者的边框与内沿高光主题属性。

2026-09-01 v0.56.4
- 新增跨桌面层和全部收纳盒共享的文件拖动状态，拖动源从按下到释放期间保持不变。
- 修复拖动文件经过普通图标时触发悬停底色，视觉上像是当前拖动目标被替换的问题。
- 文件夹和回收站的有效投放状态改为单独细描边，不再使用与选中状态相似的底色。
- 拖动离开普通图标、完成或取消时统一清理桌面和收纳盒的临时投放状态。

2026-09-01 v0.56.3
- 简化收纳盒玻璃边缘，删除外框、双重内边和硬边高光，改为单层低对比渐变内沿。
- 取消合并拖入、离开和落定时的收纳盒整体缩放，改用轻量描边与透明度过渡。
- 标签拖动增加方向锁：水平手势只调整标签顺序，纵向手势只拖出解除合并。
- 修复标题文本区域无法拖动收纳盒，保留双击标题原位重命名。
- 收纳盒点击或拖动时在 MiniC 桌面层内稳定置前，同时保持在普通应窗口下方；重叠合并目标改为按指针距离中心判定。

2026-09-01 v0.56.2
- 桌面目录刷新改为增量图标落位，保留所有已有图标的位置和排序。
- 新保存到桌面的文件或新显示的系统图标只查找剩余网格，与已有位置冲突时自动避让。
- 新增增量落位自检，验证新项目加入后旧坐标不发生写回变化。

2026-09-01 v0.56.1
- 修复透明 WPF 收纳盒启用矩形系统模糊后，圆角外侧出现黑色四角的问题；删除不兼容的系统模糊服务。
- 删除根容器黑色投影，所有玻璃视觉层统一使用 18 像素圆角，窗口四角保持真正透明。
- 收纳盒改为模拟液态玻璃：新增径向入射光、斜向折射带、双层内沿亮边、顶部镜面高光及右侧和底部深度反光。
- 重新映射每个收纳盒的透明度设置，降低实色染色覆盖，让桌面壁纸明显透过，同时继续保留独立主题颜色和材质差异。

2026-09-01 v0.56.0
- 收纳盒标题双击改为标题栏原位编辑，删除旧弹出式名称输入菜单；Enter 或失焦提交，Escape 取消。
- 桌面与收纳盒的唯一选中图标展开完整文件名，取消选择或多选后恢复紧凑名称，图标格尺寸保持稳定。
- 收纳盒排序改为直接命中鼠标所在网格或列表槽位，多选仍作为有序块移动并保留挤开动画。
- 合并标签支持直接拖离标签栏，在鼠标位置拆分为独立收纳盒；原有标签换序继续保留。
- 桌面和收纳盒中的文件夹及回收站成为独立拖放目标，支持真实文件移动、复制和可恢复删除。
- 桌面层新增标准 FileDrop 接收，资源管理器文件夹内的项目可拖到任意桌面位置或收纳盒。
- 修复图标投放事件异步等待期间继续冒泡导致重复执行和生成“(2)”副本的问题。
- 使用 SHQueryRecycleBin 监测回收站数量变化，仅在空/满状态改变时刷新 Shell 图标；同步清理其他已移动或删除项目的布局状态。
- 新增文件移动语义、鼠标槽位排序、单选全名和标题原位编辑回归验证；十一项自检全部通过。

2026-09-01 v0.55.0
- 收纳盒右上角菜单改为完整自定义玻璃菜单，新增圆角容器、柔和阴影、悬停状态、自绘勾选标记、子菜单箭头和分隔线。
- 菜单新增当前收纳盒颜色色板与自定义透明度滑杆，修改仅作用于当前收纳盒；合并标签可分别保存自己的外观。
- 收纳盒主体升级为液态玻璃视觉：接入系统背景模糊，并叠加半透明染色、斜向折射、内沿高光和顶部镜面高光。
- 系统背景模糊不可用时自动保留 XAML 玻璃层，不出现黑底或空白窗口。
- 收纳盒专项自检新增自定义菜单实际打开、颜色透明度独立性和液态玻璃窗口构造验证。

2026-09-01 v0.54.0
- 收纳盒标题栏新增视图切换按钮，可在图标模式和列表预览之间一键切换，并提供平滑淡入反馈。
- 完善列表预览样式：整行横向排列，使用 36 像素等比缩略图、单行省略文件名和完整名称提示。
- 列表行继续支持框选、单选、多选、原位重命名、系统右键菜单和拖动排序，不创建重复业务逻辑。
- 图标与列表模式按每个收纳盒独立保存；合并后的不同标签可保留各自模式。
- 菜单中的旧视图入口统一接入标题栏切换逻辑，并纳入收纳盒组织专项自检。

2026-09-01 v0.53.0
- 新增拖动收纳盒标题到另一个收纳盒直接合并；拖入目标时高亮放大，拖出时平滑恢复，释放时源盒收拢并播放合并落定动画。
- 多选图标拖动预览改为保留所选图标的相对网格位置，不再把最多三个图标堆叠到同一点。
- 桌面多选落位改为以拖动图标为锚点整体平移，保持原排列，仅在越界或与非移动图标冲突时使用最近空位。
- Shell 文件图标和图片缩略图改为保留原始位图尺寸比例，并继续在固定图标区域内完整缩放显示。
- 新增多选拖动布局专项自检，并扩展收纳盒组织和完整 XAML 构造验证。

2026-09-01 v0.52.1
- 桌面空白右键恢复为直接交给 Explorer 处理，保留桌面框选，同时移除后来增加的桌面 Shell 文件夹背景菜单桥接。
- 桌面与收纳盒文件重命名改为仅 Enter 提交；Escape、点击其他区域或窗口失焦统一取消编辑并恢复原显示名。
- 文件重命名文本和扩展名修改权限跟随 Explorer 的“显示文件扩展名”设置；显示时允许直接修改后缀，隐藏时保留原后缀。
- 收纳盒名称编辑失焦时关闭并取消，不再保留输入状态。

2026-08-31 v0.46.1
- 修复桌面图标和收纳盒项目选中后右键菜单无响应的问题。
- 真实文件改为优先使用 Shell 原生菜单，并支持同一目录内的多选操作。
- 系统虚拟图标或 Shell 菜单创建失败时继续使用 Explorer 桌面菜单桥接。
- Shell 命令执行后刷新全部桌面与收纳盒状态。
- 补充弹出菜单的前台窗口与关闭消息处理，保证菜单命令可稳定点击执行。

2026-08-31 v0.47.0
- 桌面显示改为每个收纳盒一个等尺寸独立窗口，删除全屏透明主窗口、Tab 和旧拖拽预览代码。
- Explorer 图标层始终可见；已收纳文件保留在真实 Desktop，原图标定位在收纳盒自绘图标下方。
- 文件右键统一调用 Shell 菜单，重命名改为图标名称位置原位编辑。
- 刷新改为差量同步；修正其他应用上拖放误解除归属、多显示器 DPI 命中和外部文件移动/复制语义。
- 资源释放改为幂等，更新架构和发布文档。

2026-08-31 v0.47.1
- 修复 Explorer 桌面网格与收纳盒网格间距不同时，原生图标和名称从收纳盒左侧或底部露出的问题。
- 同一收纳盒的 Explorer 原图标统一叠放到首个可见的不透明图标格下方。

2026-08-31 v0.48.0
- 桌面显示改为独立桌面图标层与多个等尺寸收纳盒窗口，文件实体仍保留在真实 Desktop。
- 初始化完成后隐藏 Explorer 原生图标层，退出时恢复，未收纳与已收纳图标分层唯一绘制。
- 删除收纳盒搬动、叠放和遮挡 Explorer 原图标的旧逻辑，修复盒子底部或左侧图标重叠。
- 修复桌面图标悬停与选中样式，并统一收纳盒拖回桌面的命中判断。
- 收纳盒窗口始终位于桌面图标层之上，避免未收纳图标遮挡盒子或抢占鼠标操作。
- 更新桌面显示层、启动 XAML 和 Explorer 图标层恢复自检。

2026-08-31 v0.48.1
- 修复从收纳盒拖回桌面或移动桌面图标时，Explorer 误执行 Desktop 到 Desktop 文件移动并弹出同名冲突的问题。
- 应用内部拖动期间由桌面图标层临时接收空白区域 Drop，结束后恢复 Explorer 穿透。
- 新增桌面图标网格吸附、屏幕边界限制和最近空位避让，自动修复旧布局中的近似重叠坐标。
- 增加重复坐标必须分配到不同网格的启动自检。

2026-08-31 v0.48.2
- 修复 `AllowsTransparency` 分层窗口的全透明空白像素仍将 OLE 文件拖放穿透给 Explorer 的问题。
- 应用内部拖动期间临时使用肉眼不可见的非零 Alpha 桌面背景，结束后恢复全透明。
- 开始 OLE 拖放前使用 `DwmFlush` 等待 WPF 分层像素提交完成，避免第一次拖入桌面时仍穿透到 Explorer。
- 拖放层自检从“只检查窗口区域”升级为同时验证桌面空白屏幕坐标实际命中 MiniC 窗口。

2026-09-01 v0.49.0
- 此电脑、回收站等系统虚拟图标可在自绘桌面中拖动，并按网格保存位置。
- 系统虚拟图标只提供 MiniC 内部位置格式，不会被当作真实文件拖入收纳盒或外部程序。
- 新增穿透、不激活的拖动预览窗口，桌面与收纳盒图标在按住拖动时跟随鼠标。
- 增加系统图标移动和拖动预览窗口样式自检。

2026-09-01 v0.50.0
- 文件与系统图标右键改为 Windows 11 风格常用菜单，提供打开、剪切、复制、重命名、删除和属性操作。
- 保留“显示更多选项”入口调用完整经典 Shell 菜单，继续支持第三方扩展命令。
- 新增跨桌面层和所有收纳盒的统一临时状态清理，切换交互目标或窗口失焦时取消残留选中、拖放目标和重命名状态。
- 菜单失去焦点时自动关闭；菜单打开期间保护来源窗口状态，避免弹出菜单自身触发误清理。
- 补充新菜单 XAML 启动自检和高 DPI 坐标适配。
- 修复桌面层菜单被旁边普通应用窗口遮挡的问题，菜单仅在显示期间保持最上层。

2026-09-01 v0.50.1
- 拖动预览由固定显示在鼠标右下方改为图标中心与鼠标位置重合，视觉位置和桌面最终落点一致。
- 桌面层与收纳盒文件名改用 Windows Shell 显示名称，遵循系统的文件扩展名显示设置。
- 文件名设置变化在周期刷新时同步到现有图标，不清空选择、位置和已加载图标状态。
- 修复 Windows 对无边框预览窗口施加最小宽度后导致图标内容仍向右偏移的问题，按当前 DPI 强制使用预览内容真实像素尺寸。

2026-09-01 v0.50.2
- 修复点击、右键或重命名图标时桌面层因获得焦点而提升到普通应用上方的问题，激活后立即恢复桌面 Z 序并保留必要输入焦点。
- 停用并删除自绘 Windows 11 风格菜单，文件与系统图标统一调用公开 `IContextMenu` 提供的真实 Windows Shell 菜单。
- 新增独立透明系统菜单宿主，弹出菜单不再激活全屏桌面图标层或收纳盒窗口。
- 扩展桌面交互层自检，验证允许激活后仍能恢复到普通应用下方。

2026-09-01 v0.51.0
- 新增桌面与收纳盒内容区鼠标框选，选择框实时按图标可视边界更新选中状态。
- 支持按住 `Ctrl` 框选追加或反选，点击空白处清除原选择。
- 桌面空白区域改由桌面图标层接收鼠标输入，以支持从任意空白位置开始框选，同时继续保持在普通应用窗口下方。
- 桌面空白右键改由桌面 Shell 文件夹提供真实系统背景菜单，避免接管空白鼠标输入后丢失原有菜单。
- 新增共用 `MarqueeSelectionController` 和框选自检，删除收纳盒视图模型中未使用的旧框选字段。

2026-09-01 v0.52.0
- 新增收纳盒内图标实时排序，单个或多选图标作为有序块移动，其他图标以 170ms 缓动动画自动挤开。
- 新增收纳盒标签合并，通过“合并到”选择目标收纳盒，合并后共用一个等尺寸桌面窗口。
- 新增弹性等宽标签栏，支持点击切换活动收纳盒、拖动标签实时换位，并持久化标签关系和顺序。
- 新增“移出标签组”，拆分后恢复为偏移摆放的独立收纳盒窗口。
- 新增收纳盒折叠按钮、标题双击和菜单入口，折叠与展开使用高度缓动和内容淡入动画，保留展开尺寸。
- 抽取面板位置动画和集合块移动服务，移除未使用的旧标签显示字段，并增加收纳盒组织功能专项自检。





















2026-09-03 MiniC v0.58.4 代码规范与结构清理
- 删除无调用的 `IsShellPasteDataAvailable`、`ReadGridMetrics`、`ToggleNearTray` 及 `SetParent`、`AllowSetForegroundWindow`、`UpdateWindow` 等废弃 Win32 声明，并同步删除只为旧路径服务的网格辅助类型。
- 将 Shell 变化通知注册、锁定、解锁与 PIDL 生命周期抽取为 `ShellChangeNotificationService`；将 OLE 剪贴板与桌面 `IDropTarget` 传输抽取为 `ShellClipboardTransferService`，降低菜单、刷新和传输耦合。
- 新增 `MiniCLogger`，运行日志写入 `%LOCALAPPDATA%\MiniC\Logs`；WPF 调度、后台任务、AppDomain 与 Shell 通知异常进入统一记录，日志自身不会反向抛错。
- 新增 `Directory.Build.props`，启用 .NET 分析器、整数溢出检查和警告即错误；修复 Win32 返回值忽略和区域性数值转换，纯接口风格/微性能建议不阻断发布。
- 新增独立 `tests/MiniC.Tests` 项目，迁入快捷方式重命名、跨激活双击、剪贴板状态和 Z 序回退单元测试；真实 Explorer/DWM 行为继续由隔离 smoke test 验证。
- `ExitAsync` 改为可等待 Task 并记录最终布局保存异常；文档补充测试、分析器和运行日志约定，CHANGELOG 整理为当前最终行为。
- 版本同步升级为 0.58.4；Release 解决方案在警告即错误下零警告零错误，4 项单元测试和源码/发布版 9 项非破坏性集成自检全部通过。
- 生成自包含发布目录 474 个文件、171.48 MB；Inno Setup 生成 `dist/MiniC-Setup-v0.58.4.exe`，大小 50.17 MB，SHA-256：D2CA44EA915C12BCB7DBE25D5B4FF48E5939D7D94E57E347875CEDFCBAEA938D；当前未进行数字签名。
2026-09-04 MiniC v0.58.4 结构清理最终验证
- 新增 `DesktopClipboardCoordinator`，将剪贴板快照与桌面/收纳盒复制剪切视觉同步从 `DesktopCoordinator` 抽离；`ClipboardItemStateService.ReadSnapshot` 改为无状态静态读取。
- Release 解决方案在警告即错误门禁下零警告零错误，独立单元测试 4/4 通过，源码 9 项非破坏性集成自检全部通过。
- 最终自包含发布目录 474 个文件、171.48 MB，程序集版本 0.58.4；Inno Setup 安装包 50.17 MB。
- 安装包 `dist/MiniC-Setup-v0.58.4.exe` SHA-256：37EF658007DD261C49E62B388BE125C6ADA340623D422D149E057CAB26D5C33A；当前未进行数字签名。
- 许可证选择和可信代码签名需要维护者的授权与证书，未擅自生成占位许可证或自签名证书。
2026-09-04 复制与剪切状态视觉优化
- 复制和剪切状态覆盖选中及悬停背景，桌面和收纳盒项目不再显示选中底色或描边；剪切继续保持 50% 半透明。
- 标识图标改用 Microsoft 官方 `fluentui-system-icons` 的 Copy 16 Regular 与 Cut 16 Regular 矢量路径，不使用字符或字体图标。
- 两种标识统一为 20px 白色半透明圆角底板、轻描边和阴影；复制采用 Fluent 系统蓝，剪切采用中性深灰，保证状态可区分且不干扰文件图标。
- Release 解决方案在警告即错误下零警告零错误，4 项单元测试、收纳盒组织、启动 XAML 和桌面层级检查通过。
- 重新生成 `dist/MiniC-Setup-v0.58.4.exe`，大小 50.18 MB，SHA-256：FF920BCAD3314653A3FB452B2F5F8ADC49C005F6355F80A30D16C9F0CC574EC1；当前未进行数字签名。
2026-09-04 快捷键激活与复制剪切标识修正
- 根因是 `WS_EX_NOACTIVATE` 在 WPF 鼠标事件前已经阻止窗口激活，右键菜单的前台宿主才会间接恢复键盘输入；桌面和收纳盒新增 `WM_MOUSEACTIVATE` 钩子，在原生消息阶段移除非激活样式并返回 `MA_ACTIVATE`，随后将焦点交给图标区域。
- 复制与剪切状态不再覆盖 Border 的普通选中和悬停触发器，因此状态项目仍可显示与普通项目一致的选中背景及描边。
- 剪切透明度从整个项目容器下放到文件图标和名称，保留 50% 淡化效果，同时保证选中背景和状态徽标清晰。
- 复制、剪切徽标统一为 20px 白色半透明底板、`#0F6CBD` 蓝色、1.5px 圆角线条；复制图形由两个圆角框构成，剪切图形上下镜像对称，不使用字符或字体图标。
- 参考 Microsoft `WM_MOUSEACTIVATE` / `MA_ACTIVATE` 官方行为和 Fluent 图标尺寸语言；Release 解决方案零警告零错误，4 项单元测试及收纳盒、XAML、桌面层级集成检查通过。
- 重新生成 `dist/MiniC-Setup-v0.58.4.exe`，大小 50.17 MB，SHA-256：78DF7956CA7DBAAD2FFD2619E7A436AE6C1A3ACFAB1A64E93ED72A1FFB64A2D2；当前未进行数字签名。
2026-09-04 收纳盒前台激活与桌面层分离
- 收纳盒点击后允许 Windows 按普通活动窗口规则提升到前台，不使用永久 `Topmost`；MiniC 全屏桌面图标层仍在激活后立即恢复到普通应用下方。
- 删除收纳盒 `Window_Activated` 中立即压回桌面层的逻辑，同时移除标题拖动时的桌面层回位调用。
- 收纳盒处于活动状态时，周期协调和文件刷新跳过其桌面层定位；失去激活或结束编辑后强制恢复到 Explorer 桌面上方、普通应用下方。
- Release 解决方案零警告零错误，4 项单元测试及收纳盒组织、桌面交互层、启动 XAML 集成检查通过。
- 重新生成 `dist/MiniC-Setup-v0.58.4.exe`，大小 50.18 MB，SHA-256：E00626FAB7D3C975C5A498C5233457ED71FC9DF0AF47972D5DD883420DFB1ED6；当前未进行数字签名。
2026-09-04 新建项目按鼠标网格落位
- 桌面 Shell 新建命令完成并识别新增路径后，先同步项目模型，再通过 `DesktopIconPlacementService.PlaceAt` 将新增文件或文件夹移动到右键菜单触发点对应的 MiniC 网格。
- 鼠标所在格已占用时，以该格为中心选择距离最近的可用网格；最终落位覆盖 Explorer 随机坐标和 MiniC 默认首空格坐标，然后进入原位名称确认。
- 新增独立单元测试验证鼠标网格到图标坐标的精确映射；Release 解决方案零警告零错误，5 项单元测试及多选布局、桌面投放、启动检查通过。
- 重新生成 `dist/MiniC-Setup-v0.58.4.exe`，大小 50.17 MB，SHA-256：0EF506BFBFFD131E41E95D07470B5F96E48B6971EE86C6CDAFA2BE0C893CC712；当前未进行数字签名。
2026-09-04 所有 Shell 新建类型按鼠标网格落位
- 修复仅依赖 `new*` canonical verb 导致文件夹可落位、动态文件类型不可落位的问题；许多 Shell 扩展提供的新建文件命令没有 `new` 前缀或不返回 canonical verb。
- 在调用命令前递归检查所选命令是否属于包含 `newfolder` 等标准命令的系统“新建”子菜单；该子菜单内任意注册文件类型统一返回 `NewItemCreated`。
- 文件夹、文本文档、快捷方式、Office/图片及其他应用注册类型创建后均进入同一条“识别新增路径 → 同步模型 → 鼠标网格落位 → 名称确认”流程。
- Release 解决方案零警告零错误，5 项单元测试和 Shell 菜单启动检查通过。
- 重新生成 `dist/MiniC-Setup-v0.58.4.exe`，大小 50.17 MB，SHA-256：FB2E206BB8BFAA6902FB37FAB98397208259907AB3BC0A84A5A08051E5591E8A；当前未进行数字签名。
